---
source: exercises/02_snapshots/02_storage_location/src/lib.rs
expression: m
---
The old snapshot I want to compare against
